// Jest Snapshot v1, https://goo.gl/fbAQLP

exports[`renders 1`] = `
<div
  className="test"
  onClick={[Function]}
  onMouseDown={[Function]}
  onTouchStart={[Function]}
>
  <div>
    <div
      data-props={Object {}}
    />
    <input
      data-props={
        Object {
          "onBlur": [MockFunction],
          "onFocus": [MockFunction],
        }
      }
      type="text"
    />
  </div>
  <span
    className="divider"
  />
  <svg>
    <path
      d="M0 0L5 5Z"
    />
  </svg>
</div>
`;

exports[`renders disabled 1`] = `
<div
  className="test"
  onClick={[Function]}
  onMouseDown={[Function]}
  onTouchStart={[Function]}
>
  <div>
    <div
      data-props={Object {}}
    />
    <input
      data-props={
        Object {
          "onBlur": [MockFunction],
          "onFocus": [MockFunction],
        }
      }
      type="text"
    />
  </div>
  <span
    className="divider"
  />
  <svg>
    <path
      d="M0 0L5 5Z"
    />
  </svg>
</div>
`;
