// Jest Snapshot v1, https://goo.gl/fbAQLP

exports[`renders 1`] = `
<div
  className="test"
  onClick={[Function]}
  onMouseDown={[Function]}
  onTouchStart={[Function]}
>
  <div>
    <MockElement />
    <MockInput
      onBlur={[MockFunction]}
      onFocus={[MockFunction]}
    />
  </div>
  <span
    className="divider"
  />
  <MockSvg />
</div>
`;

exports[`renders disabled 1`] = `
<div
  className="test"
  onClick={[Function]}
  onMouseDown={[Function]}
  onTouchStart={[Function]}
>
  <div>
    <MockElement />
    <MockInput
      onBlur={[MockFunction]}
      onFocus={[MockFunction]}
    />
  </div>
  <span
    className="divider"
  />
  <MockSvg />
</div>
`;
