// Jest Snapshot v1, https://goo.gl/fbAQLP

exports[`renders 1`] = `
<AppendToBodyOptionsWrapper
  StyledAppendToBodyOptionsWrapper={[Function]}
  className="test"
  filteredOptions={
    Array [
      Object {
        "label": "Item 5",
        "value": "5",
      },
      Object {
        "label": "Item 4",
        "value": "4",
      },
      Object {
        "label": "Item 3",
        "value": "3",
      },
      Object {
        "label": "Item 2",
        "value": "2",
      },
      Object {
        "label": "Item 1",
        "value": "1",
      },
    ]
  }
  parentRef={
    Object {
      "current": null,
    }
  }
  styles={
    Object {
      "colors": Object {
        "background": "white",
        "disabled": "#ECECEC",
        "highlight": "lightblue",
        "primary": "black",
        "secondary": "lightgray",
        "warning": "#CD5C5C",
      },
      "disabled": false,
      "hasOptions": true,
      "hasSelection": false,
      "multiple": false,
      "optionHighlighted": Array [],
      "rightToLeft": false,
      "width": "600px",
    }
  }
  updateOn={Array []}
>
  <MockElement
    className="test"
    parentRect={
      Object {
        "bottom": 80,
        "height": 80,
        "left": 0,
        "right": 200,
        "top": 0,
        "width": 200,
        "x": 0,
        "y": 600,
      }
    }
    placeOptionsAbove={true}
    styles={
      Object {
        "colors": Object {
          "background": "white",
          "disabled": "#ECECEC",
          "highlight": "lightblue",
          "primary": "black",
          "secondary": "lightgray",
          "warning": "#CD5C5C",
        },
        "disabled": false,
        "hasOptions": true,
        "hasSelection": false,
        "multiple": false,
        "optionHighlighted": Array [],
        "rightToLeft": false,
        "width": "600px",
      }
    }
  >
    <div
      data-props={
        Object {
          "children": <MockElement
            itemList={
              Array [
                Object {
                  "label": "Item 5",
                  "value": "5",
                },
                Object {
                  "label": "Item 4",
                  "value": "4",
                },
                Object {
                  "label": "Item 3",
                  "value": "3",
                },
                Object {
                  "label": "Item 2",
                  "value": "2",
                },
                Object {
                  "label": "Item 1",
                  "value": "1",
                },
              ]
            }
          />,
          "className": "test",
          "parentRect": Object {
            "bottom": 80,
            "height": 80,
            "left": 0,
            "right": 200,
            "top": 0,
            "width": 200,
            "x": 0,
            "y": 600,
          },
          "placeOptionsAbove": true,
          "styles": Object {
            "colors": Object {
              "background": "white",
              "disabled": "#ECECEC",
              "highlight": "lightblue",
              "primary": "black",
              "secondary": "lightgray",
              "warning": "#CD5C5C",
            },
            "disabled": false,
            "hasOptions": true,
            "hasSelection": false,
            "multiple": false,
            "optionHighlighted": Array [],
            "rightToLeft": false,
            "width": "600px",
          },
        }
      }
    />
  </MockElement>
</AppendToBodyOptionsWrapper>
`;
