// Jest Snapshot v1, https://goo.gl/fbAQLP

exports[`renders 1`] = `
<AppendToBodyOptionsWrapper
  StyledAppendToBodyOptionsWrapper={[Function]}
  className="test"
  filteredOptions={
    Array [
      Object {
        "label": "Item 5",
        "value": "5",
      },
      Object {
        "label": "Item 4",
        "value": "4",
      },
      Object {
        "label": "Item 3",
        "value": "3",
      },
      Object {
        "label": "Item 2",
        "value": "2",
      },
      Object {
        "label": "Item 1",
        "value": "1",
      },
    ]
  }
  parentRef={
    Object {
      "current": null,
    }
  }
  styles={
    Object {
      "borderRadius": ".2em",
      "colors": Object {
        "background": "white",
        "disabled": "#ECECEC",
        "highlight": "lightblue",
        "primary": "black",
        "secondary": "lightgray",
        "warning": "#CD5C5C",
      },
      "disabled": false,
      "fontSize": "1em",
      "hasOptions": true,
      "hasSelection": false,
      "icon": Object {
        "width": "1em",
      },
      "multiple": false,
      "option": Object {
        "paddingBottom": ".25em",
        "paddingLeft": ".25em",
        "paddingRight": ".25em",
        "paddingTop": ".25em",
      },
      "optionHighlighted": Array [],
      "paddingBottom": ".25em",
      "paddingLeft": ".25em",
      "paddingRight": ".25em",
      "paddingTop": ".25em",
      "rightToLeft": false,
      "search": Object {
        "width": "10em",
      },
      "selection": Object {
        "paddingBottom": "0",
        "paddingLeft": ".2em",
        "paddingRight": ".2em",
        "paddingTop": "0",
      },
      "width": "600px",
    }
  }
  updateOn={Array []}
>
  <MockElement
    className="test"
    parentRect={
      Object {
        "bottom": 80,
        "height": 80,
        "left": 0,
        "right": 200,
        "top": 0,
        "width": 200,
        "x": 0,
        "y": 600,
      }
    }
    placeOptionsAbove={true}
    styles={
      Object {
        "borderRadius": ".2em",
        "colors": Object {
          "background": "white",
          "disabled": "#ECECEC",
          "highlight": "lightblue",
          "primary": "black",
          "secondary": "lightgray",
          "warning": "#CD5C5C",
        },
        "disabled": false,
        "fontSize": "1em",
        "hasOptions": true,
        "hasSelection": false,
        "icon": Object {
          "width": "1em",
        },
        "multiple": false,
        "option": Object {
          "paddingBottom": ".25em",
          "paddingLeft": ".25em",
          "paddingRight": ".25em",
          "paddingTop": ".25em",
        },
        "optionHighlighted": Array [],
        "paddingBottom": ".25em",
        "paddingLeft": ".25em",
        "paddingRight": ".25em",
        "paddingTop": ".25em",
        "rightToLeft": false,
        "search": Object {
          "width": "10em",
        },
        "selection": Object {
          "paddingBottom": "0",
          "paddingLeft": ".2em",
          "paddingRight": ".2em",
          "paddingTop": "0",
        },
        "width": "600px",
      }
    }
  >
    <div
      data-props={
        Object {
          "children": <MockElement
            itemList={
              Array [
                Object {
                  "label": "Item 5",
                  "value": "5",
                },
                Object {
                  "label": "Item 4",
                  "value": "4",
                },
                Object {
                  "label": "Item 3",
                  "value": "3",
                },
                Object {
                  "label": "Item 2",
                  "value": "2",
                },
                Object {
                  "label": "Item 1",
                  "value": "1",
                },
              ]
            }
          />,
          "className": "test",
          "parentRect": Object {
            "bottom": 80,
            "height": 80,
            "left": 0,
            "right": 200,
            "top": 0,
            "width": 200,
            "x": 0,
            "y": 600,
          },
          "placeOptionsAbove": true,
          "styles": Object {
            "borderRadius": ".2em",
            "colors": Object {
              "background": "white",
              "disabled": "#ECECEC",
              "highlight": "lightblue",
              "primary": "black",
              "secondary": "lightgray",
              "warning": "#CD5C5C",
            },
            "disabled": false,
            "fontSize": "1em",
            "hasOptions": true,
            "hasSelection": false,
            "icon": Object {
              "width": "1em",
            },
            "multiple": false,
            "option": Object {
              "paddingBottom": ".25em",
              "paddingLeft": ".25em",
              "paddingRight": ".25em",
              "paddingTop": ".25em",
            },
            "optionHighlighted": Array [],
            "paddingBottom": ".25em",
            "paddingLeft": ".25em",
            "paddingRight": ".25em",
            "paddingTop": ".25em",
            "rightToLeft": false,
            "search": Object {
              "width": "10em",
            },
            "selection": Object {
              "paddingBottom": "0",
              "paddingLeft": ".2em",
              "paddingRight": ".2em",
              "paddingTop": "0",
            },
            "width": "600px",
          },
        }
      }
    />
  </MockElement>
</AppendToBodyOptionsWrapper>
`;
